// Jest Snapshot v1, https://goo.gl/fbAQLP

exports[`renders About component correctly 1`] = `
<div
  className="sc-AxjAm clzsbK"
>
  Testing
</div>
`;
