// Jest Snapshot v1, https://goo.gl/fbAQLP

exports[`renders Logo component correctly 1`] = `
<div
  className="sc-AxjAm elAYzD"
>
  ForCallstack
</div>
`;
