// Jest Snapshot v1, https://goo.gl/fbAQLP

exports[`renders ErrorMessage component correctly 1`] = `
<div
  className="sc-AxjAm dyTfnv"
>
  Testing
</div>
`;
