// Jest Snapshot v1, https://goo.gl/fbAQLP

exports[`renders Button component correctly 1`] = `
<a
  className="sc-AxjAm bCzWPK"
>
  Testing
</a>
`;
